<html>
<body>
<pre>
<h1>µVision Build Log</h1>
<h2>Tool Versions:</h2>
IDE-Version: ¦ÌVision V5.38.0.0
Copyright (C) 2022 ARM Ltd and ARM Germany GmbH. All rights reserved.
License Information: 1 1, 1, LIC=KRMW3-ASLPY-LQ80Q-N6WG8-TK5DW-4SB27
 
Tool Versions:
Toolchain:       MDK-ARM Plus  Version: 5.38.0.0
Toolchain Path:  D:\Program Files\KEIL5\ARM\ARMCC\Bin
C Compiler:      Armcc.exe V5.06 update 6 (build 750)
Assembler:       Armasm.exe V5.06 update 6 (build 750)
Linker/Locator:  ArmLink.exe V5.06 update 6 (build 750)
Library Manager: ArmAr.exe V5.06 update 6 (build 750)
Hex Converter:   FromElf.exe V5.06 update 6 (build 750)
CPU DLL:         SARMCM3.DLL V5.38.0.0
Dialog DLL:      DCM.DLL V1.17.5.0
Target DLL:      CMSIS_AGDI.dll V1.33.15.0
Dialog DLL:      TCM.DLL V1.56.4.0
 
<h2>Project:</h2>
C:\Users\ypwan\Desktop\ai_camera\camera_stm32_ai\MDK-ARM\camera_stm32_ai.uvprojx
Project File Date:  02/03/2026

<h2>Output:</h2>
*** Using Compiler 'V5.06 update 6 (build 750)', folder: 'D:\Program Files\KEIL5\ARM\ARMCC\Bin'
Build target 'camera_stm32_ai'
assembling startup_stm32f407xx.s...
compiling stm32f4xx_hal_dcmi.c...
compiling dma.c...
compiling stm32f4xx_hal_dcmi_ex.c...
compiling stm32f4xx_hal_msp.c...
compiling spi.c...
compiling gpio.c...
compiling dcmi.c...
compiling stm32f4xx_hal_rcc_ex.c...
compiling stm32f4xx_hal_rcc.c...
compiling main.c...
../APP/lcd_ILI9341V.h(38): warning:  #1295-D: Deprecated declaration ILI9341_Unselect - give arg types
  void ILI9341_Unselect();
../APP/lcd_ILI9341V.h(48): warning:  #1295-D: Deprecated declaration ILI9341_Select - give arg types
   void ILI9341_Select() ;
../Core/Src/main.c: 2 warnings, 0 errors
compiling stm32f4xx_it.c...
compiling stm32f4xx_hal_gpio.c...
compiling stm32f4xx_hal_pwr_ex.c...
compiling stm32f4xx_hal_flash_ramfunc.c...
compiling stm32f4xx_hal_flash_ex.c...
compiling stm32f4xx_hal_cortex.c...
compiling stm32f4xx_hal_exti.c...
compiling stm32f4xx_hal_dma_ex.c...
compiling stm32f4xx_hal.c...
compiling stm32f4xx_hal_pwr.c...
compiling stm32f4xx_hal_flash.c...
compiling stm32f4xx_hal_dma.c...
compiling system_stm32f4xx.c...
compiling ft6336_touch.c...
..\APP\ft6336_touch.c(62): warning:  #188-D: enumerated type mixed with another type
      HAL_GPIO_WritePin(I2C_SDA_PORT, I2C_SDA_PIN, ack);
..\APP\ft6336_touch.c(85): warning:  #188-D: enumerated type mixed with another type
          HAL_GPIO_WritePin(I2C_SDA_PORT, I2C_SDA_PIN, (byte & 0x80) >> 7);
..\APP\ft6336_touch.c: 2 warnings, 0 errors
compiling lcd_ILI9341V.c...
..\APP\lcd_ILI9341V.h(38): warning:  #1295-D: Deprecated declaration ILI9341_Unselect - give arg types
  void ILI9341_Unselect();
..\APP\lcd_ILI9341V.h(48): warning:  #1295-D: Deprecated declaration ILI9341_Select - give arg types
   void ILI9341_Select() ;
..\APP\lcd_ILI9341V.c: 2 warnings, 0 errors
compiling ov2640.c...
..\APP\ov2640.h(62): warning:  #1-D: last line of file ends without a newline
  #endif /* __OV2640_H__ */
..\APP\ov2640.c(270): warning:  #188-D: enumerated type mixed with another type
      HAL_GPIO_WritePin(SCCB_SDA_PORT, SCCB_SDA_PIN, ack);
..\APP\ov2640.c(310): warning:  #188-D: enumerated type mixed with another type
          HAL_GPIO_WritePin(SCCB_SDA_PORT, SCCB_SDA_PIN, (byte & 0x80) >> 7);
..\APP\ov2640.c(28): warning:  #177-D: variable "resolution_config"  was declared but never referenced
  static const uint8_t resolution_config[][2] = {
..\APP\ov2640.c: 4 warnings, 0 errors
compiling lv_port_disp_template.c...
../APP/lcd_ILI9341V.h(38): warning:  #1295-D: Deprecated declaration ILI9341_Unselect - give arg types
  void ILI9341_Unselect();
../APP/lcd_ILI9341V.h(48): warning:  #1295-D: Deprecated declaration ILI9341_Select - give arg types
   void ILI9341_Select() ;
..\LVGL\GUI\examples\porting\lv_port_disp_template.c: 2 warnings, 0 errors
compiling stm32f4xx_hal_spi.c...
compiling lv_port_indev_template.c...
linking...
Program Size: Code=148810 RO-data=18422 RW-data=516 ZI-data=114732  
FromELF: creating hex file...
"camera_stm32_ai\camera_stm32_ai.axf" - 0 Error(s), 12 Warning(s).

<h2>Software Packages used:</h2>

Package Vendor: ARM
                http://www.keil.com/pack/ARM.CMSIS.5.9.0.pack
                ARM.CMSIS.5.9.0
                CMSIS (Common Microcontroller Software Interface Standard)
   * Component: CORE Version: 5.6.0

Package Vendor: Keil
                https://www.keil.com/pack/Keil.STM32F4xx_DFP.3.1.1.pack
                Keil.STM32F4xx_DFP.3.1.1
                STMicroelectronics STM32F4 Series Device Support

<h2>Collection of Component include folders:</h2>
  ./RTE/_camera_stm32_ai
  C:/Users/ypwan/AppData/Local/Arm/Packs/ARM/CMSIS/5.9.0/CMSIS/Core/Include

<h2>Collection of Component Files used:</h2>

   * Component: ARM::CMSIS:CORE:5.6.0
      Include file:  CMSIS/Core/Include/tz_context.h
Build Time Elapsed:  00:00:15
</pre>
</body>
</html>
